// Jest Snapshot v1, https://goo.gl/fbAQLP

exports[`Resume renders correctly 1`] = `
<div>
  <div>
    <h3
      css={
        Object {
          "display": "inline-block",
          "fontStyle": "normal",
          "marginBottom": "0.33333rem",
        }
      }
    >
      Summary
    </h3>
    <hr />
    <div>
      <div>
        <p>
          Back-end developer aspiring to work in network/software security. Interested in blockchain and machine learning and how they can be used for everyday applications, but really I just enjoy creating maintainable software people make use of.
        </p>
      </div>
    </div>
  </div>
  <div>
    <h3
      css={
        Object {
          "display": "inline-block",
          "fontStyle": "normal",
          "marginBottom": "0.33333rem",
        }
      }
    >
      Skills
    </h3>
    <hr />
    <div>
      <div />
    </div>
    <div
      css={
        Object {
          "display": "flex",
          "flexWrap": "wrap",
          "justifyContent": "center",
        }
      }
    >
      <div
        css={
          Object {
            "height": "50px",
            "margin": "5px 10px",
            "width": "100px",
          }
        }
      >
        <h5
          css={
            Object {
              "marginBottom": "0.41667rem",
              "marginTop": "0.83333rem",
            }
          }
        >
          Node.js
        </h5>
        <div
          css={
            Object {
              "backgroundColor": "#ccc",
              "width": "100%",
            }
          }
        >
          <div
            css={
              Object {
                "backgroundColor": "#000",
                "height": "3px",
                "width": "75%",
              }
            }
          />
        </div>
      </div>
      <div
        css={
          Object {
            "height": "50px",
            "margin": "5px 10px",
            "width": "100px",
          }
        }
      >
        <h5
          css={
            Object {
              "marginBottom": "0.41667rem",
              "marginTop": "0.83333rem",
            }
          }
        >
          Firebase
        </h5>
        <div
          css={
            Object {
              "backgroundColor": "#ccc",
              "width": "100%",
            }
          }
        >
          <div
            css={
              Object {
                "backgroundColor": "#000",
                "height": "3px",
                "width": "75%",
              }
            }
          />
        </div>
      </div>
      <div
        css={
          Object {
            "height": "50px",
            "margin": "5px 10px",
            "width": "100px",
          }
        }
      >
        <h5
          css={
            Object {
              "marginBottom": "0.41667rem",
              "marginTop": "0.83333rem",
            }
          }
        >
          React
        </h5>
        <div
          css={
            Object {
              "backgroundColor": "#ccc",
              "width": "100%",
            }
          }
        >
          <div
            css={
              Object {
                "backgroundColor": "#000",
                "height": "3px",
                "width": "33%",
              }
            }
          />
        </div>
      </div>
      <div
        css={
          Object {
            "height": "50px",
            "margin": "5px 10px",
            "width": "100px",
          }
        }
      >
        <h5
          css={
            Object {
              "marginBottom": "0.41667rem",
              "marginTop": "0.83333rem",
            }
          }
        >
          GCS
        </h5>
        <div
          css={
            Object {
              "backgroundColor": "#ccc",
              "width": "100%",
            }
          }
        >
          <div
            css={
              Object {
                "backgroundColor": "#000",
                "height": "3px",
                "width": "50%",
              }
            }
          />
        </div>
      </div>
      <div
        css={
          Object {
            "height": "50px",
            "margin": "5px 10px",
            "width": "100px",
          }
        }
      >
        <h5
          css={
            Object {
              "marginBottom": "0.41667rem",
              "marginTop": "0.83333rem",
            }
          }
        >
          Python
        </h5>
        <div
          css={
            Object {
              "backgroundColor": "#ccc",
              "width": "100%",
            }
          }
        >
          <div
            css={
              Object {
                "backgroundColor": "#000",
                "height": "3px",
                "width": "50%",
              }
            }
          />
        </div>
      </div>
      <div
        css={
          Object {
            "height": "50px",
            "margin": "5px 10px",
            "width": "100px",
          }
        }
      >
        <h5
          css={
            Object {
              "marginBottom": "0.41667rem",
              "marginTop": "0.83333rem",
            }
          }
        >
          C
        </h5>
        <div
          css={
            Object {
              "backgroundColor": "#ccc",
              "width": "100%",
            }
          }
        >
          <div
            css={
              Object {
                "backgroundColor": "#000",
                "height": "3px",
                "width": "75%",
              }
            }
          />
        </div>
      </div>
      <div
        css={
          Object {
            "height": "50px",
            "margin": "5px 10px",
            "width": "100px",
          }
        }
      >
        <h5
          css={
            Object {
              "marginBottom": "0.41667rem",
              "marginTop": "0.83333rem",
            }
          }
        >
          Bash
        </h5>
        <div
          css={
            Object {
              "backgroundColor": "#ccc",
              "width": "100%",
            }
          }
        >
          <div
            css={
              Object {
                "backgroundColor": "#000",
                "height": "3px",
                "width": "66%",
              }
            }
          />
        </div>
      </div>
      <div
        css={
          Object {
            "height": "50px",
            "margin": "5px 10px",
            "width": "100px",
          }
        }
      >
        <h5
          css={
            Object {
              "marginBottom": "0.41667rem",
              "marginTop": "0.83333rem",
            }
          }
        >
          Linux OS
        </h5>
        <div
          css={
            Object {
              "backgroundColor": "#ccc",
              "width": "100%",
            }
          }
        >
          <div
            css={
              Object {
                "backgroundColor": "#000",
                "height": "3px",
                "width": "75%",
              }
            }
          />
        </div>
      </div>
      <div
        css={
          Object {
            "height": "50px",
            "margin": "5px 10px",
            "width": "100px",
          }
        }
      >
        <h5
          css={
            Object {
              "marginBottom": "0.41667rem",
              "marginTop": "0.83333rem",
            }
          }
        >
          Golang
        </h5>
        <div
          css={
            Object {
              "backgroundColor": "#ccc",
              "width": "100%",
            }
          }
        >
          <div
            css={
              Object {
                "backgroundColor": "#000",
                "height": "3px",
                "width": "50%",
              }
            }
          />
        </div>
      </div>
      <div
        css={
          Object {
            "height": "50px",
            "margin": "5px 10px",
            "width": "100px",
          }
        }
      >
        <h5
          css={
            Object {
              "marginBottom": "0.41667rem",
              "marginTop": "0.83333rem",
            }
          }
        >
          Hacking
        </h5>
        <div
          css={
            Object {
              "backgroundColor": "#ccc",
              "width": "100%",
            }
          }
        >
          <div
            css={
              Object {
                "backgroundColor": "#000",
                "height": "3px",
                "width": "25%",
              }
            }
          />
        </div>
      </div>
      <div
        css={
          Object {
            "height": "50px",
            "margin": "5px 10px",
            "width": "100px",
          }
        }
      >
        <h5
          css={
            Object {
              "marginBottom": "0.41667rem",
              "marginTop": "0.83333rem",
            }
          }
        >
          Googling
        </h5>
        <div
          css={
            Object {
              "backgroundColor": "#ccc",
              "width": "100%",
            }
          }
        >
          <div
            css={
              Object {
                "backgroundColor": "#000",
                "height": "3px",
                "width": "100%",
              }
            }
          />
        </div>
      </div>
    </div>
  </div>
  <div>
    <h3
      css={
        Object {
          "display": "inline-block",
          "fontStyle": "normal",
          "marginBottom": "0.33333rem",
        }
      }
    >
      Experience
    </h3>
    <hr />
    <div>
      <div />
    </div>
    <div>
      <h4
        css={
          Object {
            "marginTop": "0.83333rem",
          }
        }
      >
        MCrowdsourcing Canada
      </h4>
      <p>
        <b>
          Sep 2017
           - 
          Present
        </b>
      </p>
      <div>
        <p>
           MCrowdsourcing Canada (MC2) is a social venture that seeks to transform the way we do common altruistic tasks by providing a platform for those that want to contribute by taking positive actions, and those that want to sponsor and encourage them to do so. 
        </p>
        <p>
           For the past year I've been mostly involved in the development of the platform's Facebook bot integration which consists of a Node.js server running on Google App Engine, communicating with Firebase for data, storage, and authentication. 
        </p>
      </div>
    </div>
  </div>
  <div>
    <h3
      css={
        Object {
          "display": "inline-block",
          "fontStyle": "normal",
          "marginBottom": "0.33333rem",
        }
      }
    >
      Projects
    </h3>
    <hr />
    <div>
      <div />
    </div>
    <div>
      <h4
        css={
          Object {
            "marginTop": "0.83333rem",
          }
        }
      >
        ChrisRenfrow.me
      </h4>
      <p>
        <b>
          Dec 2018
           - 
          Present
        </b>
      </p>
      <div>
        <p>
           My personal website and blog. Made with React and Gatsby.js to achieve all the performance benefits of a static website while still using modern web-development standards. 
        </p>
      </div>
    </div>
  </div>
  <div>
    <h3
      css={
        Object {
          "display": "inline-block",
          "fontStyle": "normal",
          "marginBottom": "0.33333rem",
        }
      }
    >
      Education
    </h3>
    <hr />
    <div>
      <div />
    </div>
    <div>
      <h4
        css={
          Object {
            "marginTop": "0.83333rem",
          }
        }
      >
        42 Silicon Valley
      </h4>
      <p>
        <b>
          2016
           - 
          2018
        </b>
      </p>
      <div>
        <p>
           42 is a nonprofit, tuition-free programming school created and funded by French billionare and philanthropist, Xavier Niel. This 3-5 year program departs from the traditional education experience by using a peer-to-peer based learning system with no classes or teachers and a purely project-based curriculum. 
        </p>
        <p>
           I worked with my peers on projects involving computer graphics and low level computing. Went on to learn about web development using PHP during an intense web development program. And quickly achieved my first internship. 
        </p>
      </div>
    </div>
  </div>
</div>
`;
